MPLINK 5.08, LINKER
Linker Map File - Created Thu Nov 22 18:59:33 2018

                                 Section Info
                  Section       Type    Address   Location Size(Bytes)
                ---------  ---------  ---------  ---------  ---------
                 RES_VECT       code   0x000000    program   0x000002
                   .cinit    romdata   0x000001    program   0x000004
                 ISR_VECT       code   0x000004    program   0x000032
                MAIN_PROG       code   0x00001d    program   0x00016a
.config_2007_BUILD/DEFAULT/PRODUCTION/BRAZO.O       code   0x002007    program   0x000002
.config_2008_BUILD/DEFAULT/PRODUCTION/BRAZO.O       code   0x002008    program   0x000002
                  GPR_VAR      udata   0x000020       data   0x00000f



                              Program Memory Usage 
                               Start         End      
                           ---------   ---------      
                            0x000000    0x000002      
                            0x000004    0x0000d1      
                            0x002007    0x002008      
            211 out of 8455 program addresses used, program memory utilization is 2%



                              Symbols - Sorted by Name
                     Name    Address   Location    Storage File                     
                ---------  ---------  ---------  --------- ---------                
                 CHECK_AD   0x000028    program     static C:\Users\ASUS\Documents\Life\College\Y4 S2\BRAZO\Codigo\BrazoFinal.X\Brazo.asm
               CHECK_RCIF   0x00002e    program     static C:\Users\ASUS\Documents\Life\College\Y4 S2\BRAZO\Codigo\BrazoFinal.X\Brazo.asm
               CHECK_TXIF   0x000039    program     static C:\Users\ASUS\Documents\Life\College\Y4 S2\BRAZO\Codigo\BrazoFinal.X\Brazo.asm
               CONFIG_ADC   0x00009a    program     static C:\Users\ASUS\Documents\Life\College\Y4 S2\BRAZO\Codigo\BrazoFinal.X\Brazo.asm
                CONFIG_IO   0x000076    program     static C:\Users\ASUS\Documents\Life\College\Y4 S2\BRAZO\Codigo\BrazoFinal.X\Brazo.asm
               CONFIG_PWM   0x000089    program     static C:\Users\ASUS\Documents\Life\College\Y4 S2\BRAZO\Codigo\BrazoFinal.X\Brazo.asm
             CONFIG_RELOJ   0x000058    program     static C:\Users\ASUS\Documents\Life\College\Y4 S2\BRAZO\Codigo\BrazoFinal.X\Brazo.asm
              CONFIG_TMR0   0x0000b7    program     static C:\Users\ASUS\Documents\Life\College\Y4 S2\BRAZO\Codigo\BrazoFinal.X\Brazo.asm
             CONFIG_TX_RX   0x00005e    program     static C:\Users\ASUS\Documents\Life\College\Y4 S2\BRAZO\Codigo\BrazoFinal.X\Brazo.asm
              DELAY_500US   0x0000cd    program     static C:\Users\ASUS\Documents\Life\College\Y4 S2\BRAZO\Codigo\BrazoFinal.X\Brazo.asm
               DELAY_50MS   0x0000c7    program     static C:\Users\ASUS\Documents\Life\College\Y4 S2\BRAZO\Codigo\BrazoFinal.X\Brazo.asm
                      ISR   0x000007    program     static C:\Users\ASUS\Documents\Life\College\Y4 S2\BRAZO\Codigo\BrazoFinal.X\Brazo.asm
                     LOOP   0x000026    program     static C:\Users\ASUS\Documents\Life\College\Y4 S2\BRAZO\Codigo\BrazoFinal.X\Brazo.asm
                      POP   0x000018    program     static C:\Users\ASUS\Documents\Life\College\Y4 S2\BRAZO\Codigo\BrazoFinal.X\Brazo.asm
                     PUSH   0x000004    program     static C:\Users\ASUS\Documents\Life\College\Y4 S2\BRAZO\Codigo\BrazoFinal.X\Brazo.asm
                   SERVO0   0x00003e    program     static C:\Users\ASUS\Documents\Life\College\Y4 S2\BRAZO\Codigo\BrazoFinal.X\Brazo.asm
                   SERVO1   0x000043    program     static C:\Users\ASUS\Documents\Life\College\Y4 S2\BRAZO\Codigo\BrazoFinal.X\Brazo.asm
                   SERVO2   0x000049    program     static C:\Users\ASUS\Documents\Life\College\Y4 S2\BRAZO\Codigo\BrazoFinal.X\Brazo.asm
                   SERVO3   0x000051    program     static C:\Users\ASUS\Documents\Life\College\Y4 S2\BRAZO\Codigo\BrazoFinal.X\Brazo.asm
                    START   0x00001d    program     static C:\Users\ASUS\Documents\Life\College\Y4 S2\BRAZO\Codigo\BrazoFinal.X\Brazo.asm
          _MAIN_PROG_000C   0x000029    program     static C:\Users\ASUS\Documents\Life\College\Y4 S2\BRAZO\Codigo\BrazoFinal.X\Brazo.asm
          _MAIN_PROG_001F   0x00003c    program     static C:\Users\ASUS\Documents\Life\College\Y4 S2\BRAZO\Codigo\BrazoFinal.X\Brazo.asm
          _MAIN_PROG_00AE   0x0000cb    program     static C:\Users\ASUS\Documents\Life\College\Y4 S2\BRAZO\Codigo\BrazoFinal.X\Brazo.asm
          _MAIN_PROG_00B3   0x0000d0    program     static C:\Users\ASUS\Documents\Life\College\Y4 S2\BRAZO\Codigo\BrazoFinal.X\Brazo.asm
                   DELAY1   0x000025       data     static C:\Users\ASUS\Documents\Life\College\Y4 S2\BRAZO\Codigo\BrazoFinal.X\Brazo.asm
                   DELAY2   0x000026       data     static C:\Users\ASUS\Documents\Life\College\Y4 S2\BRAZO\Codigo\BrazoFinal.X\Brazo.asm
                    LEIDO   0x000022       data     static C:\Users\ASUS\Documents\Life\College\Y4 S2\BRAZO\Codigo\BrazoFinal.X\Brazo.asm
                     POT1   0x000027       data     static C:\Users\ASUS\Documents\Life\College\Y4 S2\BRAZO\Codigo\BrazoFinal.X\Brazo.asm
                     POT2   0x000028       data     static C:\Users\ASUS\Documents\Life\College\Y4 S2\BRAZO\Codigo\BrazoFinal.X\Brazo.asm
                     POT3   0x000029       data     static C:\Users\ASUS\Documents\Life\College\Y4 S2\BRAZO\Codigo\BrazoFinal.X\Brazo.asm
                    POT3S   0x00002a       data     static C:\Users\ASUS\Documents\Life\College\Y4 S2\BRAZO\Codigo\BrazoFinal.X\Brazo.asm
                     POT4   0x00002c       data     static C:\Users\ASUS\Documents\Life\College\Y4 S2\BRAZO\Codigo\BrazoFinal.X\Brazo.asm
                    POT4S   0x00002d       data     static C:\Users\ASUS\Documents\Life\College\Y4 S2\BRAZO\Codigo\BrazoFinal.X\Brazo.asm
                  POTCONT   0x00002b       data     static C:\Users\ASUS\Documents\Life\College\Y4 S2\BRAZO\Codigo\BrazoFinal.X\Brazo.asm
                  PROBAR1   0x000023       data     static C:\Users\ASUS\Documents\Life\College\Y4 S2\BRAZO\Codigo\BrazoFinal.X\Brazo.asm
                  PROBAR2   0x000024       data     static C:\Users\ASUS\Documents\Life\College\Y4 S2\BRAZO\Codigo\BrazoFinal.X\Brazo.asm
                    SERVO   0x00002e       data     static C:\Users\ASUS\Documents\Life\College\Y4 S2\BRAZO\Codigo\BrazoFinal.X\Brazo.asm
              STATUS_TEMP   0x000021       data     static C:\Users\ASUS\Documents\Life\College\Y4 S2\BRAZO\Codigo\BrazoFinal.X\Brazo.asm
                   W_TEMP   0x000020       data     static C:\Users\ASUS\Documents\Life\College\Y4 S2\BRAZO\Codigo\BrazoFinal.X\Brazo.asm



                              Symbols - Sorted by Address
                     Name    Address   Location    Storage File                     
                ---------  ---------  ---------  --------- ---------                
                     PUSH   0x000004    program     static C:\Users\ASUS\Documents\Life\College\Y4 S2\BRAZO\Codigo\BrazoFinal.X\Brazo.asm
                      ISR   0x000007    program     static C:\Users\ASUS\Documents\Life\College\Y4 S2\BRAZO\Codigo\BrazoFinal.X\Brazo.asm
                      POP   0x000018    program     static C:\Users\ASUS\Documents\Life\College\Y4 S2\BRAZO\Codigo\BrazoFinal.X\Brazo.asm
                    START   0x00001d    program     static C:\Users\ASUS\Documents\Life\College\Y4 S2\BRAZO\Codigo\BrazoFinal.X\Brazo.asm
                     LOOP   0x000026    program     static C:\Users\ASUS\Documents\Life\College\Y4 S2\BRAZO\Codigo\BrazoFinal.X\Brazo.asm
                 CHECK_AD   0x000028    program     static C:\Users\ASUS\Documents\Life\College\Y4 S2\BRAZO\Codigo\BrazoFinal.X\Brazo.asm
          _MAIN_PROG_000C   0x000029    program     static C:\Users\ASUS\Documents\Life\College\Y4 S2\BRAZO\Codigo\BrazoFinal.X\Brazo.asm
               CHECK_RCIF   0x00002e    program     static C:\Users\ASUS\Documents\Life\College\Y4 S2\BRAZO\Codigo\BrazoFinal.X\Brazo.asm
               CHECK_TXIF   0x000039    program     static C:\Users\ASUS\Documents\Life\College\Y4 S2\BRAZO\Codigo\BrazoFinal.X\Brazo.asm
          _MAIN_PROG_001F   0x00003c    program     static C:\Users\ASUS\Documents\Life\College\Y4 S2\BRAZO\Codigo\BrazoFinal.X\Brazo.asm
                   SERVO0   0x00003e    program     static C:\Users\ASUS\Documents\Life\College\Y4 S2\BRAZO\Codigo\BrazoFinal.X\Brazo.asm
                   SERVO1   0x000043    program     static C:\Users\ASUS\Documents\Life\College\Y4 S2\BRAZO\Codigo\BrazoFinal.X\Brazo.asm
                   SERVO2   0x000049    program     static C:\Users\ASUS\Documents\Life\College\Y4 S2\BRAZO\Codigo\BrazoFinal.X\Brazo.asm
                   SERVO3   0x000051    program     static C:\Users\ASUS\Documents\Life\College\Y4 S2\BRAZO\Codigo\BrazoFinal.X\Brazo.asm
             CONFIG_RELOJ   0x000058    program     static C:\Users\ASUS\Documents\Life\College\Y4 S2\BRAZO\Codigo\BrazoFinal.X\Brazo.asm
             CONFIG_TX_RX   0x00005e    program     static C:\Users\ASUS\Documents\Life\College\Y4 S2\BRAZO\Codigo\BrazoFinal.X\Brazo.asm
                CONFIG_IO   0x000076    program     static C:\Users\ASUS\Documents\Life\College\Y4 S2\BRAZO\Codigo\BrazoFinal.X\Brazo.asm
               CONFIG_PWM   0x000089    program     static C:\Users\ASUS\Documents\Life\College\Y4 S2\BRAZO\Codigo\BrazoFinal.X\Brazo.asm
               CONFIG_ADC   0x00009a    program     static C:\Users\ASUS\Documents\Life\College\Y4 S2\BRAZO\Codigo\BrazoFinal.X\Brazo.asm
              CONFIG_TMR0   0x0000b7    program     static C:\Users\ASUS\Documents\Life\College\Y4 S2\BRAZO\Codigo\BrazoFinal.X\Brazo.asm
               DELAY_50MS   0x0000c7    program     static C:\Users\ASUS\Documents\Life\College\Y4 S2\BRAZO\Codigo\BrazoFinal.X\Brazo.asm
          _MAIN_PROG_00AE   0x0000cb    program     static C:\Users\ASUS\Documents\Life\College\Y4 S2\BRAZO\Codigo\BrazoFinal.X\Brazo.asm
              DELAY_500US   0x0000cd    program     static C:\Users\ASUS\Documents\Life\College\Y4 S2\BRAZO\Codigo\BrazoFinal.X\Brazo.asm
          _MAIN_PROG_00B3   0x0000d0    program     static C:\Users\ASUS\Documents\Life\College\Y4 S2\BRAZO\Codigo\BrazoFinal.X\Brazo.asm
                   W_TEMP   0x000020       data     static C:\Users\ASUS\Documents\Life\College\Y4 S2\BRAZO\Codigo\BrazoFinal.X\Brazo.asm
              STATUS_TEMP   0x000021       data     static C:\Users\ASUS\Documents\Life\College\Y4 S2\BRAZO\Codigo\BrazoFinal.X\Brazo.asm
                    LEIDO   0x000022       data     static C:\Users\ASUS\Documents\Life\College\Y4 S2\BRAZO\Codigo\BrazoFinal.X\Brazo.asm
                  PROBAR1   0x000023       data     static C:\Users\ASUS\Documents\Life\College\Y4 S2\BRAZO\Codigo\BrazoFinal.X\Brazo.asm
                  PROBAR2   0x000024       data     static C:\Users\ASUS\Documents\Life\College\Y4 S2\BRAZO\Codigo\BrazoFinal.X\Brazo.asm
                   DELAY1   0x000025       data     static C:\Users\ASUS\Documents\Life\College\Y4 S2\BRAZO\Codigo\BrazoFinal.X\Brazo.asm
                   DELAY2   0x000026       data     static C:\Users\ASUS\Documents\Life\College\Y4 S2\BRAZO\Codigo\BrazoFinal.X\Brazo.asm
                     POT1   0x000027       data     static C:\Users\ASUS\Documents\Life\College\Y4 S2\BRAZO\Codigo\BrazoFinal.X\Brazo.asm
                     POT2   0x000028       data     static C:\Users\ASUS\Documents\Life\College\Y4 S2\BRAZO\Codigo\BrazoFinal.X\Brazo.asm
                     POT3   0x000029       data     static C:\Users\ASUS\Documents\Life\College\Y4 S2\BRAZO\Codigo\BrazoFinal.X\Brazo.asm
                    POT3S   0x00002a       data     static C:\Users\ASUS\Documents\Life\College\Y4 S2\BRAZO\Codigo\BrazoFinal.X\Brazo.asm
                  POTCONT   0x00002b       data     static C:\Users\ASUS\Documents\Life\College\Y4 S2\BRAZO\Codigo\BrazoFinal.X\Brazo.asm
                     POT4   0x00002c       data     static C:\Users\ASUS\Documents\Life\College\Y4 S2\BRAZO\Codigo\BrazoFinal.X\Brazo.asm
                    POT4S   0x00002d       data     static C:\Users\ASUS\Documents\Life\College\Y4 S2\BRAZO\Codigo\BrazoFinal.X\Brazo.asm
                    SERVO   0x00002e       data     static C:\Users\ASUS\Documents\Life\College\Y4 S2\BRAZO\Codigo\BrazoFinal.X\Brazo.asm


